// Jest Snapshot v1, https://goo.gl/fbAQLP

exports[`should render ExpenseSummary with multiple expenses 1`] = `
<ContextConsumer>
  <Component />
</ContextConsumer>
`;

exports[`should render ExpenseSummary with one expense 1`] = `
<ContextConsumer>
  <Component />
</ContextConsumer>
`;
